Archive member included because of file (symbol)

c:/users/admin/desktop/проги/stm_32/arm-2011.03-coocox/bin/../lib/gcc/arm-none-eabi/4.5.2/armv6-m\libgcc.a(_udivsi3.o)
                              ..\obj\stm32f0xx_rcc.o (__aeabi_uidiv)
c:/users/admin/desktop/проги/stm_32/arm-2011.03-coocox/bin/../lib/gcc/arm-none-eabi/4.5.2/armv6-m\libgcc.a(_dvmd_tls.o)
                              c:/users/admin/desktop/проги/stm_32/arm-2011.03-coocox/bin/../lib/gcc/arm-none-eabi/4.5.2/armv6-m\libgcc.a(_udivsi3.o) (__aeabi_idiv0)
c:/users/admin/desktop/проги/stm_32/arm-2011.03-coocox/bin/../lib/gcc/arm-none-eabi/4.5.2/../../../../arm-none-eabi/lib/armv6-m\libc.a(lib_a-strlen.o)
                              ..\obj\main.o (strlen)

Discarded input sections

 .text          0x00000000        0x0 ..\obj\stm32f0xx_rcc.o
 .data          0x00000000       0x10 ..\obj\stm32f0xx_rcc.o
 .bss           0x00000000        0x0 ..\obj\stm32f0xx_rcc.o
 .text.RCC_DeInit
                0x00000000       0x88 ..\obj\stm32f0xx_rcc.o
 .text.RCC_HSEConfig
                0x00000000       0x24 ..\obj\stm32f0xx_rcc.o
 .text.RCC_WaitForHSEStartUp
                0x00000000       0x60 ..\obj\stm32f0xx_rcc.o
 .text.RCC_AdjustHSICalibrationValue
                0x00000000       0x3c ..\obj\stm32f0xx_rcc.o
 .text.RCC_HSICmd
                0x00000000       0x38 ..\obj\stm32f0xx_rcc.o
 .text.RCC_AdjustHSI14CalibrationValue
                0x00000000       0x3c ..\obj\stm32f0xx_rcc.o
 .text.RCC_HSI14Cmd
                0x00000000       0x38 ..\obj\stm32f0xx_rcc.o
 .text.RCC_HSI14ADCRequestCmd
                0x00000000       0x38 ..\obj\stm32f0xx_rcc.o
 .text.RCC_LSEConfig
                0x00000000       0x38 ..\obj\stm32f0xx_rcc.o
 .text.RCC_LSEDriveConfig
                0x00000000       0x2c ..\obj\stm32f0xx_rcc.o
 .text.RCC_LSICmd
                0x00000000       0x38 ..\obj\stm32f0xx_rcc.o
 .text.RCC_PLLConfig
                0x00000000       0x34 ..\obj\stm32f0xx_rcc.o
 .text.RCC_PLLCmd
                0x00000000       0x40 ..\obj\stm32f0xx_rcc.o
 .text.RCC_PREDIV1Config
                0x00000000       0x34 ..\obj\stm32f0xx_rcc.o
 .text.RCC_ClockSecuritySystemCmd
                0x00000000       0x40 ..\obj\stm32f0xx_rcc.o
 .text.RCC_MCOConfig
                0x00000000       0x20 ..\obj\stm32f0xx_rcc.o
 .text.RCC_SYSCLKConfig
                0x00000000       0x34 ..\obj\stm32f0xx_rcc.o
 .text.RCC_GetSYSCLKSource
                0x00000000       0x1c ..\obj\stm32f0xx_rcc.o
 .text.RCC_HCLKConfig
                0x00000000       0x34 ..\obj\stm32f0xx_rcc.o
 .text.RCC_PCLKConfig
                0x00000000       0x38 ..\obj\stm32f0xx_rcc.o
 .text.RCC_ADCCLKConfig
                0x00000000       0x50 ..\obj\stm32f0xx_rcc.o
 .text.RCC_CECCLKConfig
                0x00000000       0x2c ..\obj\stm32f0xx_rcc.o
 .text.RCC_I2CCLKConfig
                0x00000000       0x2c ..\obj\stm32f0xx_rcc.o
 .text.RCC_USARTCLKConfig
                0x00000000       0x2c ..\obj\stm32f0xx_rcc.o
 .text.RCC_GetClocksFreq
                0x00000000      0x1d4 ..\obj\stm32f0xx_rcc.o
 .text.RCC_RTCCLKConfig
                0x00000000       0x20 ..\obj\stm32f0xx_rcc.o
 .text.RCC_RTCCLKCmd
                0x00000000       0x40 ..\obj\stm32f0xx_rcc.o
 .text.RCC_BackupResetCmd
                0x00000000       0x40 ..\obj\stm32f0xx_rcc.o
 .text.RCC_APB1PeriphClockCmd
                0x00000000       0x3c ..\obj\stm32f0xx_rcc.o
 .text.RCC_AHBPeriphResetCmd
                0x00000000       0x3c ..\obj\stm32f0xx_rcc.o
 .text.RCC_APB2PeriphResetCmd
                0x00000000       0x3c ..\obj\stm32f0xx_rcc.o
 .text.RCC_APB1PeriphResetCmd
                0x00000000       0x3c ..\obj\stm32f0xx_rcc.o
 .text.RCC_ITConfig
                0x00000000       0x50 ..\obj\stm32f0xx_rcc.o
 .text.RCC_GetFlagStatus
                0x00000000       0x9c ..\obj\stm32f0xx_rcc.o
 .text.RCC_ClearFlag
                0x00000000       0x1c ..\obj\stm32f0xx_rcc.o
 .text.RCC_GetITStatus
                0x00000000       0x48 ..\obj\stm32f0xx_rcc.o
 .text.RCC_ClearITPendingBit
                0x00000000       0x20 ..\obj\stm32f0xx_rcc.o
 .text          0x00000000        0x0 ..\obj\main.o
 .bss           0x00000000        0x0 ..\obj\main.o
 .rodata        0x00000000      0x318 ..\obj\main.o
 .text.PowerOff
                0x00000000       0x1c ..\obj\main.o
 .text.SSOn     0x00000000       0x1c ..\obj\main.o
 .text.CleanLCD
                0x00000000       0x4c ..\obj\main.o
 .text.SetText  0x00000000      0x100 ..\obj\main.o
 .text          0x00000000       0x14 ..\obj\startup_stm32f0xx.o
 .data          0x00000000        0x0 ..\obj\startup_stm32f0xx.o
 .bss           0x00000000        0x0 ..\obj\startup_stm32f0xx.o
 .text          0x00000000        0x0 ..\obj\stm32f0xx_spi.o
 .data          0x00000000        0x0 ..\obj\stm32f0xx_spi.o
 .bss           0x00000000        0x0 ..\obj\stm32f0xx_spi.o
 .text.SPI_I2S_DeInit
                0x00000000       0x58 ..\obj\stm32f0xx_spi.o
 .text.SPI_StructInit
                0x00000000       0x48 ..\obj\stm32f0xx_spi.o
 .text.I2S_StructInit
                0x00000000       0x34 ..\obj\stm32f0xx_spi.o
 .text.I2S_Init
                0x00000000      0x1c0 ..\obj\stm32f0xx_spi.o
 .text.SPI_TIModeCmd
                0x00000000       0x40 ..\obj\stm32f0xx_spi.o
 .text.I2S_Cmd  0x00000000       0x44 ..\obj\stm32f0xx_spi.o
 .text.SPI_DataSizeConfig
                0x00000000       0x58 ..\obj\stm32f0xx_spi.o
 .text.SPI_RxFIFOThresholdConfig
                0x00000000       0x3c ..\obj\stm32f0xx_spi.o
 .text.SPI_BiDirectionalLineConfig
                0x00000000       0x48 ..\obj\stm32f0xx_spi.o
 .text.SPI_SSOutputCmd
                0x00000000       0x40 ..\obj\stm32f0xx_spi.o
 .text.SPI_NSSPulseModeCmd
                0x00000000       0x40 ..\obj\stm32f0xx_spi.o
 .text.SPI_I2S_SendData16
                0x00000000       0x1c ..\obj\stm32f0xx_spi.o
 .text.SPI_ReceiveData8
                0x00000000       0x24 ..\obj\stm32f0xx_spi.o
 .text.SPI_I2S_ReceiveData16
                0x00000000       0x18 ..\obj\stm32f0xx_spi.o
 .text.SPI_CRCLengthConfig
                0x00000000       0x3c ..\obj\stm32f0xx_spi.o
 .text.SPI_CalculateCRC
                0x00000000       0x44 ..\obj\stm32f0xx_spi.o
 .text.SPI_TransmitCRC
                0x00000000       0x20 ..\obj\stm32f0xx_spi.o
 .text.SPI_GetCRC
                0x00000000       0x44 ..\obj\stm32f0xx_spi.o
 .text.SPI_GetCRCPolynomial
                0x00000000       0x18 ..\obj\stm32f0xx_spi.o
 .text.SPI_I2S_DMACmd
                0x00000000       0x48 ..\obj\stm32f0xx_spi.o
 .text.SPI_LastDMATransferCmd
                0x00000000       0x3c ..\obj\stm32f0xx_spi.o
 .text.SPI_I2S_ITConfig
                0x00000000       0x7c ..\obj\stm32f0xx_spi.o
 .text.SPI_GetTransmissionFIFOStatus
                0x00000000       0x20 ..\obj\stm32f0xx_spi.o
 .text.SPI_GetReceptionFIFOStatus
                0x00000000       0x20 ..\obj\stm32f0xx_spi.o
 .text.SPI_I2S_ClearFlag
                0x00000000       0x20 ..\obj\stm32f0xx_spi.o
 .text.SPI_I2S_GetITStatus
                0x00000000       0xb0 ..\obj\stm32f0xx_spi.o
 .text          0x00000000        0x0 ..\obj\system_stm32f0xx_temp.o
 .data          0x00000000       0x14 ..\obj\system_stm32f0xx_temp.o
 .bss           0x00000000        0x0 ..\obj\system_stm32f0xx_temp.o
 .text.SystemCoreClockUpdate1
                0x00000000       0xd0 ..\obj\system_stm32f0xx_temp.o
 .text          0x00000000        0x0 ..\obj\stm32f0xx_gpio.o
 .data          0x00000000        0x0 ..\obj\stm32f0xx_gpio.o
 .bss           0x00000000        0x0 ..\obj\stm32f0xx_gpio.o
 .text.GPIO_DeInit
                0x00000000       0xc8 ..\obj\stm32f0xx_gpio.o
 .text.GPIO_StructInit
                0x00000000       0x30 ..\obj\stm32f0xx_gpio.o
 .text.GPIO_PinLockConfig
                0x00000000       0x44 ..\obj\stm32f0xx_gpio.o
 .text.GPIO_ReadInputData
                0x00000000       0x18 ..\obj\stm32f0xx_gpio.o
 .text.GPIO_ReadOutputDataBit
                0x00000000       0x48 ..\obj\stm32f0xx_gpio.o
 .text.GPIO_ReadOutputData
                0x00000000       0x18 ..\obj\stm32f0xx_gpio.o
 .text.GPIO_SetBits
                0x00000000       0x1c ..\obj\stm32f0xx_gpio.o
 .text.GPIO_ResetBits
                0x00000000       0x1c ..\obj\stm32f0xx_gpio.o
 .text.GPIO_WriteBit
                0x00000000       0x30 ..\obj\stm32f0xx_gpio.o
 .text.GPIO_Write
                0x00000000       0x1c ..\obj\stm32f0xx_gpio.o
 .text.GPIO_PinAFConfig
                0x00000000       0x9c ..\obj\stm32f0xx_gpio.o
 .text          0x00000000       0x9c c:/users/admin/desktop/проги/stm_32/arm-2011.03-coocox/bin/../lib/gcc/arm-none-eabi/4.5.2/armv6-m\libgcc.a(_udivsi3.o)
 .data          0x00000000        0x0 c:/users/admin/desktop/проги/stm_32/arm-2011.03-coocox/bin/../lib/gcc/arm-none-eabi/4.5.2/armv6-m\libgcc.a(_udivsi3.o)
 .bss           0x00000000        0x0 c:/users/admin/desktop/проги/stm_32/arm-2011.03-coocox/bin/../lib/gcc/arm-none-eabi/4.5.2/armv6-m\libgcc.a(_udivsi3.o)
 .text          0x00000000        0x4 c:/users/admin/desktop/проги/stm_32/arm-2011.03-coocox/bin/../lib/gcc/arm-none-eabi/4.5.2/armv6-m\libgcc.a(_dvmd_tls.o)
 .data          0x00000000        0x0 c:/users/admin/desktop/проги/stm_32/arm-2011.03-coocox/bin/../lib/gcc/arm-none-eabi/4.5.2/armv6-m\libgcc.a(_dvmd_tls.o)
 .bss           0x00000000        0x0 c:/users/admin/desktop/проги/stm_32/arm-2011.03-coocox/bin/../lib/gcc/arm-none-eabi/4.5.2/armv6-m\libgcc.a(_dvmd_tls.o)
 .text          0x00000000       0x10 c:/users/admin/desktop/проги/stm_32/arm-2011.03-coocox/bin/../lib/gcc/arm-none-eabi/4.5.2/../../../../arm-none-eabi/lib/armv6-m\libc.a(lib_a-strlen.o)
 .data          0x00000000        0x0 c:/users/admin/desktop/проги/stm_32/arm-2011.03-coocox/bin/../lib/gcc/arm-none-eabi/4.5.2/../../../../arm-none-eabi/lib/armv6-m\libc.a(lib_a-strlen.o)
 .bss           0x00000000        0x0 c:/users/admin/desktop/проги/stm_32/arm-2011.03-coocox/bin/../lib/gcc/arm-none-eabi/4.5.2/../../../../arm-none-eabi/lib/armv6-m\libc.a(lib_a-strlen.o)

Memory Configuration

Name             Origin             Length             Attributes
rom              0x08000000         0x00010000         xr
ram              0x20000000         0x00002000         xrw
*default*        0x00000000         0xffffffff

Linker script and memory map

                0x20002000                _eram = 0x20002000

.text           0x08000000      0xaac
 *(.isr_vector)
 .isr_vector    0x08000000       0xc4 ..\obj\startup_stm32f0xx.o
                0x08000000                g_pfnVectors
 *(.text*)
 .text.RCC_AHBPeriphClockCmd
                0x080000c4       0x3c ..\obj\stm32f0xx_rcc.o
                0x080000c4                RCC_AHBPeriphClockCmd
 .text.RCC_APB2PeriphClockCmd
                0x08000100       0x3c ..\obj\stm32f0xx_rcc.o
                0x08000100                RCC_APB2PeriphClockCmd
 .text.initGPIOB
                0x0800013c       0x4c ..\obj\main.o
                0x0800013c                initGPIOB
 .text.initGPIO
                0x08000188       0x50 ..\obj\main.o
                0x08000188                initGPIO
 .text.initButton
                0x080001d8       0x44 ..\obj\main.o
                0x080001d8                initButton
 .text.PowerOn  0x0800021c       0x1c ..\obj\main.o
                0x0800021c                PowerOn
 .text.ResetOn  0x08000238       0x1c ..\obj\main.o
                0x08000238                ResetOn
 .text.ResetOff
                0x08000254       0x1c ..\obj\main.o
                0x08000254                ResetOff
 .text.DCOn     0x08000270       0x20 ..\obj\main.o
                0x08000270                DCOn
 .text.DCOff    0x08000290       0x20 ..\obj\main.o
                0x08000290                DCOff
 .text.SSOff    0x080002b0       0x1c ..\obj\main.o
                0x080002b0                SSOff
 .text.SPIinit  0x080002cc       0x70 ..\obj\main.o
                0x080002cc                SPIinit
 .text.SPISend  0x0800033c       0x38 ..\obj\main.o
                0x0800033c                SPISend
 .text.LCDinit  0x08000374       0x48 ..\obj\main.o
                0x08000374                LCDinit
 .text.main     0x080003bc      0x1ac ..\obj\main.o
                0x080003bc                main
 .text.Reset_Handler
                0x08000568       0x4c ..\obj\startup_stm32f0xx.o
                0x08000568                Reset_Handler
 .text.Default_Handler
                0x080005b4        0x2 ..\obj\startup_stm32f0xx.o
                0x080005b4                TIM1_CC_IRQHandler
                0x080005b4                HardFault_Handler
                0x080005b4                ADC1_COMP_IRQHandler
                0x080005b4                SysTick_Handler
                0x080005b4                PVD_IRQHandler
                0x080005b4                PendSV_Handler
                0x080005b4                NMI_Handler
                0x080005b4                I2C1_IRQHandler
                0x080005b4                SPI1_IRQHandler
                0x080005b4                TIM6_DAC_IRQHandler
                0x080005b4                EXTI2_3_IRQHandler
                0x080005b4                I2C2_IRQHandler
                0x080005b4                TIM17_IRQHandler
                0x080005b4                RTC_IRQHandler
                0x080005b4                TIM16_IRQHandler
                0x080005b4                TIM3_IRQHandler
                0x080005b4                EXTI4_15_IRQHandler
                0x080005b4                RCC_IRQHandler
                0x080005b4                DMA1_Channel1_IRQHandler
                0x080005b4                Default_Handler
                0x080005b4                CEC_IRQHandler
                0x080005b4                TIM14_IRQHandler
                0x080005b4                DMA1_Channel4_5_IRQHandler
                0x080005b4                TIM15_IRQHandler
                0x080005b4                EXTI0_1_IRQHandler
                0x080005b4                SPI2_IRQHandler
                0x080005b4                SVC_Handler
                0x080005b4                TS_IRQHandler
                0x080005b4                WWDG_IRQHandler
                0x080005b4                TIM2_IRQHandler
                0x080005b4                DMA1_Channel2_3_IRQHandler
                0x080005b4                USART2_IRQHandler
                0x080005b4                FLASH_IRQHandler
                0x080005b4                USART1_IRQHandler
                0x080005b4                TIM1_BRK_UP_TRG_COM_IRQHandler
 *fill*         0x080005b6        0x2 00
 .text.SPI_Init
                0x080005b8      0x104 ..\obj\stm32f0xx_spi.o
                0x080005b8                SPI_Init
 .text.SPI_Cmd  0x080006bc       0x40 ..\obj\stm32f0xx_spi.o
                0x080006bc                SPI_Cmd
 .text.SPI_NSSInternalSoftwareConfig
                0x080006fc       0x4c ..\obj\stm32f0xx_spi.o
                0x080006fc                SPI_NSSInternalSoftwareConfig
 .text.SPI_SendData8
                0x08000748       0x2c ..\obj\stm32f0xx_spi.o
                0x08000748                SPI_SendData8
 .text.SPI_I2S_GetFlagStatus
                0x08000774       0x48 ..\obj\stm32f0xx_spi.o
                0x08000774                SPI_I2S_GetFlagStatus
 .text.SystemInit1
                0x080007bc       0x8c ..\obj\system_stm32f0xx_temp.o
                0x080007bc                SystemInit
                0x080007bc                SystemInit1
 .text.SetSysClock1
                0x08000848       0xe4 ..\obj\system_stm32f0xx_temp.o
                0x08000848                SetSysClock
 .text.GPIO_Init
                0x0800092c      0x138 ..\obj\stm32f0xx_gpio.o
                0x0800092c                GPIO_Init
 .text.GPIO_ReadInputDataBit
                0x08000a64       0x48 ..\obj\stm32f0xx_gpio.o
                0x08000a64                GPIO_ReadInputDataBit
 *(.init)
 *(.fini)
 *crtbegin.o(.ctors)
 *crtbegin?.o(.ctors)
 *(EXCLUDE_FILE(*crtend.o *crtend?.o) .ctors)
 *(SORT(.ctors.*))
 *(.ctors)
 *crtbegin.o(.dtors)
 *crtbegin?.o(.dtors)
 *(EXCLUDE_FILE(*crtend.o *crtend?.o) .dtors)
 *(SORT(.dtors.*))
 *(.dtors)
 *(.rodata*)
 *(.eh_fram e*)

.glue_7         0x08000aac        0x0
 .glue_7        0x00000000        0x0 linker stubs

.glue_7t        0x08000aac        0x0
 .glue_7t       0x00000000        0x0 linker stubs

.vfp11_veneer   0x08000aac        0x0
 .vfp11_veneer  0x00000000        0x0 linker stubs

.v4_bx          0x08000aac        0x0
 .v4_bx         0x00000000        0x0 linker stubs

.ARM.extab
 *(.ARM.extab* .gnu.linkonce.armextab.*)
                0x08000aac                __exidx_start = .

.ARM.exidx
 *(.ARM.exidx* .gnu.linkonce.armexidx.*)
                0x08000aac                __exidx_end = .
                0x08000aac                __etext = .
                0x08000aac                _sidata = __etext

.data           0x20000000      0x99c load address 0x08000aac
                0x20000000                __data_start__ = .
                0x20000000                _sdata = __data_start__
 *(vtable)
 *(.data*)
 .data          0x20000000      0x99c ..\obj\main.o
                0x20000000                picture
                0x20000330                marina1
                0x20000660                marina2
                0x20000990                znack
                0x2000099c                . = ALIGN (0x4)
                0x2000099c                PROVIDE (__preinit_array_start, .)
 *(.preinit_array)
                0x2000099c                PROVIDE (__preinit_array_end, .)
                0x2000099c                . = ALIGN (0x4)
                0x2000099c                PROVIDE (__init_array_start, .)
 *(SORT(.init_array.*))
 *(.init_array)
                0x2000099c                PROVIDE (__init_array_end, .)
                0x2000099c                . = ALIGN (0x4)
                0x2000099c                PROVIDE (__fini_array_start, .)
 *(SORT(.fini_array.*))
 *(.fini_array)
                0x2000099c                PROVIDE (__fini_array_end, .)
 *(.jcr*)
                0x2000099c                . = ALIGN (0x4)
                0x2000099c                __data_end__ = .
                0x2000099c                _edata = __data_end__

.bss            0x2000099c        0x0
                0x2000099c                . = ALIGN (0x4)
                0x2000099c                __bss_start__ = .
                0x2000099c                _sbss = __bss_start__
 *(.bss*)
 *(COMMON)
                0x2000099c                . = ALIGN (0x4)
                0x2000099c                __bss_end__ = .
                0x2000099c                _ebss = __bss_end__

.heap           0x2000099c        0x0
                0x2000099c                __end__ = .
                0x2000099c                _end = __end__
                0x2000099c                end = __end__
 *(.heap*)
                0x2000099c                __HeapLimit = .

.co_stack       0x2000099c        0x4
                0x200009a0                . = ALIGN (0x8)
 *fill*         0x2000099c        0x4 00
 *(.co_stack .co_stack.*)
                0x20002000                __StackTop = 0x20002000
                0x20001ffc                __StackLimit = (__StackTop - SIZEOF (.co_stack))
                0x20002000                PROVIDE (__stack, __StackTop)
                0x00000001                ASSERT ((__StackLimit >= __HeapLimit), region ram  overflowed with stack)
LOAD ..\obj\stm32f0xx_rcc.o
LOAD ..\obj\main.o
LOAD ..\obj\startup_stm32f0xx.o
LOAD ..\obj\stm32f0xx_spi.o
LOAD ..\obj\system_stm32f0xx_temp.o
LOAD ..\obj\stm32f0xx_gpio.o
START GROUP
LOAD c:/users/admin/desktop/проги/stm_32/arm-2011.03-coocox/bin/../lib/gcc/arm-none-eabi/4.5.2/armv6-m\libgcc.a
LOAD c:/users/admin/desktop/проги/stm_32/arm-2011.03-coocox/bin/../lib/gcc/arm-none-eabi/4.5.2/../../../../arm-none-eabi/lib/armv6-m\libc.a
END GROUP
OUTPUT(project_LCD.elf elf32-littlearm)

.debug_abbrev   0x00000000      0x79a
 .debug_abbrev  0x00000000      0x1bf ..\obj\stm32f0xx_rcc.o
 .debug_abbrev  0x000001bf      0x1b1 ..\obj\main.o
 .debug_abbrev  0x00000370       0x12 ..\obj\startup_stm32f0xx.o
 .debug_abbrev  0x00000382      0x163 ..\obj\stm32f0xx_spi.o
 .debug_abbrev  0x000004e5      0x13e ..\obj\system_stm32f0xx_temp.o
 .debug_abbrev  0x00000623      0x177 ..\obj\stm32f0xx_gpio.o

.debug_info     0x00000000     0x273c
 .debug_info    0x00000000      0xa3c ..\obj\stm32f0xx_rcc.o
 .debug_info    0x00000a3c      0x7ee ..\obj\main.o
 .debug_info    0x0000122a       0xae ..\obj\startup_stm32f0xx.o
 .debug_info    0x000012d8      0xb35 ..\obj\stm32f0xx_spi.o
 .debug_info    0x00001e0d      0x32a ..\obj\system_stm32f0xx_temp.o
 .debug_info    0x00002137      0x605 ..\obj\stm32f0xx_gpio.o

.debug_line     0x00000000     0x11a2
 .debug_line    0x00000000      0x4ce ..\obj\stm32f0xx_rcc.o
 .debug_line    0x000004ce      0x37c ..\obj\main.o
 .debug_line    0x0000084a       0xa4 ..\obj\startup_stm32f0xx.o
 .debug_line    0x000008ee      0x445 ..\obj\stm32f0xx_spi.o
 .debug_line    0x00000d33      0x1c6 ..\obj\system_stm32f0xx_temp.o
 .debug_line    0x00000ef9      0x2a9 ..\obj\stm32f0xx_gpio.o

.debug_loc      0x00000000     0x15ee
 .debug_loc     0x00000000      0x864 ..\obj\stm32f0xx_rcc.o
 .debug_loc     0x00000864      0x34c ..\obj\main.o
 .debug_loc     0x00000bb0      0x6ca ..\obj\stm32f0xx_spi.o
 .debug_loc     0x0000127a       0x9c ..\obj\system_stm32f0xx_temp.o
 .debug_loc     0x00001316      0x2d8 ..\obj\stm32f0xx_gpio.o

.debug_pubnames
                0x00000000      0x8be
 .debug_pubnames
                0x00000000      0x372 ..\obj\stm32f0xx_rcc.o
 .debug_pubnames
                0x00000372      0x111 ..\obj\main.o
 .debug_pubnames
                0x00000483      0x2bf ..\obj\stm32f0xx_spi.o
 .debug_pubnames
                0x00000742       0x63 ..\obj\system_stm32f0xx_temp.o
 .debug_pubnames
                0x000007a5      0x119 ..\obj\stm32f0xx_gpio.o

.debug_pubtypes
                0x00000000      0x348
 .debug_pubtypes
                0x00000000       0x9e ..\obj\stm32f0xx_rcc.o
 .debug_pubtypes
                0x0000009e       0xd8 ..\obj\main.o
 .debug_pubtypes
                0x00000176       0xb6 ..\obj\stm32f0xx_spi.o
 .debug_pubtypes
                0x0000022c       0x5a ..\obj\system_stm32f0xx_temp.o
 .debug_pubtypes
                0x00000286       0xc2 ..\obj\stm32f0xx_gpio.o

.debug_aranges  0x00000000      0x3d8
 .debug_aranges
                0x00000000      0x150 ..\obj\stm32f0xx_rcc.o
 .debug_aranges
                0x00000150       0xa0 ..\obj\main.o
 .debug_aranges
                0x000001f0       0x28 ..\obj\startup_stm32f0xx.o
 .debug_aranges
                0x00000218      0x110 ..\obj\stm32f0xx_spi.o
 .debug_aranges
                0x00000328       0x30 ..\obj\system_stm32f0xx_temp.o
 .debug_aranges
                0x00000358       0x80 ..\obj\stm32f0xx_gpio.o

.debug_ranges   0x00000000      0x3a0
 .debug_ranges  0x00000000      0x140 ..\obj\stm32f0xx_rcc.o
 .debug_ranges  0x00000140       0xb0 ..\obj\main.o
 .debug_ranges  0x000001f0       0x20 ..\obj\startup_stm32f0xx.o
 .debug_ranges  0x00000210      0x100 ..\obj\stm32f0xx_spi.o
 .debug_ranges  0x00000310       0x20 ..\obj\system_stm32f0xx_temp.o
 .debug_ranges  0x00000330       0x70 ..\obj\stm32f0xx_gpio.o

.debug_str      0x00000000      0xfbb
 .debug_str     0x00000000      0x601 ..\obj\stm32f0xx_rcc.o
                                0x685 (size before relaxing)
 .debug_str     0x00000601      0x3c2 ..\obj\main.o
                                0x486 (size before relaxing)
 .debug_str     0x000009c3      0x3bd ..\obj\stm32f0xx_spi.o
                                0x65e (size before relaxing)
 .debug_str     0x00000d80       0xad ..\obj\system_stm32f0xx_temp.o
                                0x1fc (size before relaxing)
 .debug_str     0x00000e2d      0x18e ..\obj\stm32f0xx_gpio.o
                                0x3ec (size before relaxing)

.comment        0x00000000       0x11
 .comment       0x00000000       0x11 ..\obj\stm32f0xx_rcc.o
                                 0x12 (size before relaxing)
 .comment       0x00000000       0x12 ..\obj\main.o
 .comment       0x00000000       0x12 ..\obj\stm32f0xx_spi.o
 .comment       0x00000000       0x12 ..\obj\system_stm32f0xx_temp.o
 .comment       0x00000000       0x12 ..\obj\stm32f0xx_gpio.o

.ARM.attributes
                0x00000000       0x31
 .ARM.attributes
                0x00000000       0x33 ..\obj\stm32f0xx_rcc.o
 .ARM.attributes
                0x00000033       0x33 ..\obj\main.o
 .ARM.attributes
                0x00000066       0x23 ..\obj\startup_stm32f0xx.o
 .ARM.attributes
                0x00000089       0x33 ..\obj\stm32f0xx_spi.o
 .ARM.attributes
                0x000000bc       0x33 ..\obj\system_stm32f0xx_temp.o
 .ARM.attributes
                0x000000ef       0x33 ..\obj\stm32f0xx_gpio.o
 .ARM.attributes
                0x00000122       0x1f c:/users/admin/desktop/проги/stm_32/arm-2011.03-coocox/bin/../lib/gcc/arm-none-eabi/4.5.2/armv6-m\libgcc.a(_udivsi3.o)
 .ARM.attributes
                0x00000141       0x1f c:/users/admin/desktop/проги/stm_32/arm-2011.03-coocox/bin/../lib/gcc/arm-none-eabi/4.5.2/armv6-m\libgcc.a(_dvmd_tls.o)
 .ARM.attributes
                0x00000160       0x2d c:/users/admin/desktop/проги/stm_32/arm-2011.03-coocox/bin/../lib/gcc/arm-none-eabi/4.5.2/../../../../arm-none-eabi/lib/armv6-m\libc.a(lib_a-strlen.o)

.debug_frame    0x00000000      0xd3c
 .debug_frame   0x00000000      0x4e4 ..\obj\stm32f0xx_rcc.o
 .debug_frame   0x000004e4      0x20c ..\obj\main.o
 .debug_frame   0x000006f0      0x3f0 ..\obj\stm32f0xx_spi.o
 .debug_frame   0x00000ae0       0x6c ..\obj\system_stm32f0xx_temp.o
 .debug_frame   0x00000b4c      0x1b0 ..\obj\stm32f0xx_gpio.o
 .debug_frame   0x00000cfc       0x20 c:/users/admin/desktop/проги/stm_32/arm-2011.03-coocox/bin/../lib/gcc/arm-none-eabi/4.5.2/armv6-m\libgcc.a(_udivsi3.o)
 .debug_frame   0x00000d1c       0x20 c:/users/admin/desktop/проги/stm_32/arm-2011.03-coocox/bin/../lib/gcc/arm-none-eabi/4.5.2/../../../../arm-none-eabi/lib/armv6-m\libc.a(lib_a-strlen.o)
